// Jest Snapshot v1, https://goo.gl/fbAQLP

exports[`basic snapshot 1`] = `
<div
  className="MuiDialogTitle-root"
>
  <h2
    className="MuiTypography-root MuiTypography-h4"
  >
    Archive 24 products?
  </h2>
</div>
`;
